// Jest Snapshot v1, https://goo.gl/fbAQLP

exports[`ErrorFallback should match the initial snapshot 1`] = `
<RNCSafeAreaView
  onInsetsChange={[Function]}
  style={
    Object {
      "flex": 1,
    }
  }
>
  <View
    mode="padding"
    style={
      Array [
        Object {
          "paddingBottom": 0,
          "paddingLeft": 0,
          "paddingRight": 0,
          "paddingTop": 0,
        },
        Object {
          "backgroundColor": "#201a21",
          "flex": 1,
          "paddingTop": 20,
        },
      ]
    }
  >
    <View
      style={
        Array [
          Object {
            "alignItems": "flex-start",
            "flex": 1,
            "justifyContent": "center",
          },
          false,
        ]
      }
    >
      <View
        style={
          Array [
            Object {
              "alignItems": "center",
              "flex": 1,
              "justifyContent": "center",
              "paddingHorizontal": "5%",
              "paddingTop": 40,
              "width": "100%",
            },
            Object {},
            Object {
              "backgroundColor": "#201a21",
            },
            false,
            Object {},
          ]
        }
      >
        <View
          style={
            Object {
              "flex": 1,
              "width": "100%",
            }
          }
        >
          <View
            style={
              Object {
                "flex": 0.6,
              }
            }
          />
          <Image
            resizeMode="contain"
            source={
              Object {
                "testUri": "../../../src/assets/images/error-planets.png",
              }
            }
            style={
              Object {
                "flex": 2,
                "width": undefined,
              }
            }
          />
        </View>
        <View
          style={
            Object {
              "alignItems": "center",
              "flex": 0.5,
            }
          }
        >
          <Text
            style={
              Array [
                Object {
                  "paddingTop": 5,
                  "textAlign": "center",
                },
                Object {
                  "color": "rgba(255,255,255,0.9)",
                  "fontFamily": "TTCommons-Regular",
                  "fontSize": 28,
                  "letterSpacing": 0,
                  "lineHeight": 32,
                },
                undefined,
              ]
            }
            testID="title"
          >
            Test title
          </Text>
          <Text
            style={
              Array [
                Object {
                  "paddingTop": 5,
                  "textAlign": "center",
                },
                Object {
                  "color": "rgba(255, 255, 255, 0.7)",
                  "fontFamily": "TTCommons-Regular",
                  "fontSize": 20,
                  "letterSpacing": 0.14,
                  "lineHeight": 22,
                },
                undefined,
              ]
            }
            testID="subtitle"
          >
            Test description
          </Text>
        </View>
        <View
          style={
            Object {
              "flex": 0.5,
              "justifyContent": "flex-end",
              "paddingBottom": "5%",
              "width": "100%",
            }
          }
        />
      </View>
    </View>
  </View>
</RNCSafeAreaView>
`;
