// Jest Snapshot v1, https://goo.gl/fbAQLP

exports[`Entropy Canvas should successfully match snapshot on inital render 1`] = `undefined`;
