// Jest Snapshot v1, https://goo.gl/fbAQLP

exports[`Ausweis passcode details screen is displayed according to the designs 1`] = `
<RNCSafeAreaView
  onInsetsChange={[Function]}
  style={
    Object {
      "flex": 1,
    }
  }
>
  <View
    style={
      Array [
        Object {
          "backgroundColor": "#101010",
          "flex": 1,
        },
        Object {
          "paddingTop": 0,
        },
      ]
    }
  >
    <View
      collapsable={false}
    >
      <View
        onLayout={[Function]}
        style={
          Object {
            "left": 0,
            "position": "absolute",
            "right": 0,
            "zIndex": 10,
          }
        }
        testID="collapsible-header-container"
      >
        <View
          style={
            Array [
              Object {
                "alignItems": "center",
                "flexDirection": "row",
                "height": 50,
                "paddingHorizontal": 12,
                "width": "100%",
              },
              Object {
                "justifyContent": "space-between",
              },
              Array [
                Object {
                  "backgroundColor": "#201a21",
                },
                Object {
                  "backgroundColor": "#101010",
                },
              ],
            ]
          }
          testID="collapsible-header"
        >
          <View
            accessible={true}
            focusable={true}
            onClick={[Function]}
            onResponderGrant={[Function]}
            onResponderMove={[Function]}
            onResponderRelease={[Function]}
            onResponderTerminate={[Function]}
            onResponderTerminationRequest={[Function]}
            onStartShouldSetResponder={[Function]}
            style={
              Object {
                "alignItems": "center",
                "height": 40,
                "justifyContent": "center",
                "opacity": 1,
                "width": 40,
              }
            }
            testID="backArrow"
          >
            <RNSVGSvgView
              align="xMidYMid"
              bbHeight={17}
              bbWidth={25}
              focusable={false}
              height={17}
              meetOrSlice={0}
              minX={0}
              minY={0}
              style={
                Array [
                  Object {
                    "backgroundColor": "transparent",
                    "borderWidth": 0,
                  },
                  Object {
                    "flex": 0,
                    "height": 17,
                    "width": 25,
                  },
                ]
              }
              vbHeight={17}
              vbWidth={25}
              width={25}
            >
              <RNSVGGroup>
                <RNSVGPath
                  d="M24.48 7.438H3.34l5.362-5.469a.536.536 0 00.152-.375V.53A.53.53 0 008.334 0a.516.516 0 00-.369.156L.153 8.124a.539.539 0 000 .752l7.812 7.968c.15.152.372.198.568.116a.53.53 0 00.321-.491v-1.063a.536.536 0 00-.152-.375L3.34 9.562h21.138c.288 0 .521-.237.521-.53V7.968a.526.526 0 00-.52-.531z"
                  fill={4294111986}
                  fillRule={1}
                  propList={
                    Array [
                      "fill",
                      "fillRule",
                    ]
                  }
                />
              </RNSVGGroup>
            </RNSVGSvgView>
          </View>
          <View
            style={
              Object {
                "flex": 1,
                "paddingHorizontal": 10,
              }
            }
            testID="heading"
          >
            <Text
              numberOfLines={1}
              style={
                Object {
                  "color": "white",
                  "fontSize": 20,
                  "opacity": 0,
                  "transform": Array [
                    Object {
                      "translateY": 0,
                    },
                  ],
                }
              }
              testID="collapsible-header-text"
            >
              
            </Text>
          </View>
        </View>
      </View>
    </View>
  </View>
</RNCSafeAreaView>
`;
