// Jest Snapshot v1, https://goo.gl/fbAQLP

exports[`Ausweis transport warning screen is displayed according to designs 1`] = `
<RNCSafeAreaView
  onInsetsChange={[Function]}
  style={
    Object {
      "flex": 1,
    }
  }
>
  <View
    style={
      Array [
        Object {
          "paddingBottom": 0,
          "paddingLeft": 0,
          "paddingRight": 0,
          "paddingTop": 0,
        },
        Object {
          "flex": 1,
          "paddingTop": 0,
        },
      ]
    }
  >
    <View
      style={
        Array [
          Object {
            "alignItems": "flex-start",
            "flex": 1,
            "justifyContent": "center",
          },
          false,
        ]
      }
    >
      <View
        style={
          Object {
            "backgroundColor": "rgba(0,0,0,0.95)",
            "height": 0,
            "width": "100%",
          }
        }
      />
      <View
        style={
          Array [
            Object {
              "alignItems": "center",
              "flex": 1,
              "justifyContent": "center",
              "paddingHorizontal": 16,
              "width": "100%",
            },
            Object {
              "backgroundColor": "rgba(0,0,0,0.95)",
              "marginBottom": -0,
              "paddingBottom": 0,
            },
            Object {},
            Object {
              "justifyContent": "flex-end",
            },
          ]
        }
      >
        <View
          style={
            Object {
              "flex": 1,
              "justifyContent": "center",
            }
          }
        >
          <View
            style={
              Array [
                Object {
                  "width": 750,
                },
                Object {
                  "paddingHorizontal": 16,
                },
              ]
            }
          >
            <Text
              style={
                Array [
                  Object {
                    "paddingTop": undefined,
                    "textAlign": "center",
                  },
                  Object {
                    "color": "rgba(255,255,255,0.85)",
                    "fontFamily": "TTCommons-Medium",
                    "fontSize": 28,
                    "letterSpacing": 0,
                    "lineHeight": 32,
                  },
                  Object {
                    "alignSelf": "center",
                    "marginBottom": 25,
                  },
                ]
              }
            >
              AusweisTransportPin.warning1
            </Text>
            <Text
              style={
                Array [
                  Object {
                    "paddingTop": undefined,
                    "textAlign": "center",
                  },
                  Object {
                    "color": "rgba(255,255,255,0.85)",
                    "fontFamily": "TTCommons-Medium",
                    "fontSize": 28,
                    "letterSpacing": 0,
                    "lineHeight": 32,
                  },
                  Object {
                    "alignSelf": "center",
                  },
                ]
              }
            >
              AusweisTransportPin.warning2
            </Text>
          </View>
        </View>
        <View
          style={
            Array [
              Object {
                "marginBottom": 16,
                "width": "100%",
              },
              Object {},
            ]
          }
        >
          <View
            accessible={true}
            focusable={true}
            onClick={[Function]}
            onResponderGrant={[Function]}
            onResponderMove={[Function]}
            onResponderRelease={[Function]}
            onResponderTerminate={[Function]}
            onResponderTerminationRequest={[Function]}
            onStartShouldSetResponder={[Function]}
            style={
              Object {
                "alignItems": "center",
                "borderRadius": 8,
                "justifyContent": "center",
                "marginVertical": 5,
                "opacity": 1,
                "width": "100%",
              }
            }
            testID="button"
          >
            <BVLinearGradient
              colors={
                Array [
                  -7268030,
                  -3003031,
                ]
              }
              endPoint={
                Object {
                  "x": 1,
                  "y": 0,
                }
              }
              locations={null}
              startPoint={
                Object {
                  "x": 0,
                  "y": 0,
                }
              }
              style={
                Array [
                  Object {
                    "alignItems": "center",
                    "borderRadius": 8,
                    "justifyContent": "center",
                    "width": "100%",
                  },
                  Object {
                    "height": 45,
                  },
                ]
              }
              testID="gradient"
            >
              <Text
                style={
                  Array [
                    Object {
                      "color": "#ffffff",
                      "paddingTop": undefined,
                      "textAlignVertical": "center",
                    },
                    Object {
                      "fontFamily": "TTCommons-Medium",
                    },
                    Object {
                      "fontSize": 18,
                    },
                    Object {},
                  ]
                }
              >
                RecoveryInfo.closeBtn
              </Text>
            </BVLinearGradient>
          </View>
        </View>
      </View>
    </View>
  </View>
</RNCSafeAreaView>
`;
