// Jest Snapshot v1, https://goo.gl/fbAQLP

exports[`ErrorFallback should match the initial snapshot 1`] = `
<View
  pointerEvents="box-none"
  style={
    Object {
      "flex": 1,
    }
  }
>
  <View
    collapsable={true}
    pointerEvents="box-none"
    style={
      Object {
        "flex": 1,
      }
    }
  >
    <View
      style={
        Array [
          Object {
            "alignItems": "center",
            "backgroundColor": "#201a21",
            "flex": 1,
            "justifyContent": "center",
            "paddingHorizontal": "5%",
            "paddingTop": 40,
            "position": "relative",
          },
          Object {},
          Object {
            "backgroundColor": "#201a21",
          },
          false,
          false,
          Object {},
        ]
      }
    >
      <View
        style={
          Object {
            "flex": 1,
            "width": "100%",
          }
        }
      >
        <View
          style={
            Object {
              "flex": 0.6,
            }
          }
        />
        <Image
          resizeMode="contain"
          source={
            Object {
              "testUri": "../../../src/assets/images/error-planets.png",
            }
          }
          style={
            Object {
              "flex": 2,
              "width": undefined,
            }
          }
        />
      </View>
      <View
        style={
          Object {
            "alignItems": "center",
            "flex": 0.5,
          }
        }
      >
        <Text
          style={
            Array [
              Object {
                "fontFamily": "TTCommons-Medium",
                "letterSpacing": 0,
                "textAlign": "center",
              },
              Object {
                "fontSize": 34,
                "lineHeight": 40,
              },
              Object {
                "color": "#ffffff",
              },
              Object {},
              false,
            ]
          }
          testID="header"
        >
          Test title
        </Text>
        <Text
          style={
            Array [
              Object {
                "fontFamily": "TTCommons-Regular",
                "textAlign": "center",
              },
              Object {
                "fontSize": 20,
                "letterSpacing": 0.14,
                "lineHeight": 22,
              },
              Object {
                "color": "#ffffff",
              },
              Object {},
            ]
          }
          testID="paragraph"
        >
          Test description
        </Text>
      </View>
      <View
        style={
          Object {
            "flex": 0.5,
            "justifyContent": "flex-end",
            "paddingBottom": "5%",
            "width": "100%",
          }
        }
      />
    </View>
  </View>
</View>
`;
